<?xml version="1.0" encoding="UTF-8"?>
<TestRun id="db6ecfc6-05dd-4c70-92db-456a40e56b6c" name="Addy@ADI 2012-06-03 17:09:49" runUser="ADI\Addy" xmlns="http://microsoft.com/schemas/VisualStudio/TeamTest/2010">
  <TestSettings name="Local" id="a113f6dc-cf38-4137-afae-52c041f59361">
    <Description>These are default test settings for a local test run.</Description>
    <Deployment enabled="false" runDeploymentRoot="Addy_ADI 2012-06-03 17_09_49">
      <DeploymentItem filename="D:\Faculta\LICENTA\Aplicatie\Gestiune\GestiuneBusiness\bin\Debug\GestiuneBusiness.dll" />
    </Deployment>
    <Execution>
      <TestTypeSpecific />
      <AgentRule name="Execution Agents">
      </AgentRule>
    </Execution>
  </TestSettings>
  <Times creation="2012-06-03T17:09:49.8593750+03:00" queuing="2012-06-03T17:09:53.5156250+03:00" start="2012-06-03T17:09:53.9375000+03:00" finish="2012-06-03T17:09:57.2343750+03:00" />
  <ResultSummary outcome="Completed">
    <Counters total="3" executed="3" passed="3" error="0" failed="0" timeout="0" aborted="0" inconclusive="0" passedButRunAborted="0" notRunnable="0" notExecuted="0" disconnected="0" warning="0" completed="0" inProgress="0" pending="0" />
  </ResultSummary>
  <TestDefinitions>
    <UnitTest name="BancaGetByIdTest" storage="d:\faculta\licenta\aplicatie\gestiune\testprojectgestiune\bin\debug\testprojectgestiune.dll" id="8f80b696-bcaa-8b74-b775-359268e76c02">
      <Execution id="14bb0d66-a06f-44a3-b132-412f6aa69bbc" />
      <TestMethod codeBase="D:/Faculta/LICENTA/Aplicatie/Gestiune/TestProjectGestiune/bin/Debug/TestProjectGestiune.DLL" adapterTypeName="Microsoft.VisualStudio.TestTools.TestTypes.Unit.UnitTestAdapter, Microsoft.VisualStudio.QualityTools.Tips.UnitTest.Adapter, Version=10.0.0.0, Culture=neutral, PublicKeyToken=b03f5f7f11d50a3a" className="TestProjectGestiune.BancaTest, TestProjectGestiune, Version=1.0.0.0, Culture=neutral, PublicKeyToken=null" name="BancaGetByIdTest" />
    </UnitTest>
    <UnitTest name="BancaGetAllTest" storage="d:\faculta\licenta\aplicatie\gestiune\testprojectgestiune\bin\debug\testprojectgestiune.dll" id="0a2769f9-6043-c404-028f-84d7ce2b15c9">
      <Execution id="50172aac-b1a6-4dce-a081-71a6dd13ea6d" />
      <TestMethod codeBase="D:/Faculta/LICENTA/Aplicatie/Gestiune/TestProjectGestiune/bin/Debug/TestProjectGestiune.DLL" adapterTypeName="Microsoft.VisualStudio.TestTools.TestTypes.Unit.UnitTestAdapter, Microsoft.VisualStudio.QualityTools.Tips.UnitTest.Adapter, Version=10.0.0.0, Culture=neutral, PublicKeyToken=b03f5f7f11d50a3a" className="TestProjectGestiune.BancaTest, TestProjectGestiune, Version=1.0.0.0, Culture=neutral, PublicKeyToken=null" name="BancaGetAllTest" />
    </UnitTest>
    <UnitTest name="BancaSaveTest" storage="d:\faculta\licenta\aplicatie\gestiune\testprojectgestiune\bin\debug\testprojectgestiune.dll" id="2ab7a61c-ea85-0381-06b8-9dda85520051">
      <Execution id="aba661e7-3858-468e-9df5-77826b6190ed" />
      <TestMethod codeBase="D:/Faculta/LICENTA/Aplicatie/Gestiune/TestProjectGestiune/bin/Debug/TestProjectGestiune.DLL" adapterTypeName="Microsoft.VisualStudio.TestTools.TestTypes.Unit.UnitTestAdapter, Microsoft.VisualStudio.QualityTools.Tips.UnitTest.Adapter, Version=10.0.0.0, Culture=neutral, PublicKeyToken=b03f5f7f11d50a3a" className="TestProjectGestiune.BancaTest, TestProjectGestiune, Version=1.0.0.0, Culture=neutral, PublicKeyToken=null" name="BancaSaveTest" />
    </UnitTest>
  </TestDefinitions>
  <TestLists>
    <TestList name="Results Not in a List" id="8c84fa94-04c1-424b-9868-57a2d4851a1d" />
    <TestList name="All Loaded Results" id="19431567-8539-422a-85d7-44ee4e166bda" />
  </TestLists>
  <TestEntries>
    <TestEntry testId="2ab7a61c-ea85-0381-06b8-9dda85520051" executionId="aba661e7-3858-468e-9df5-77826b6190ed" testListId="8c84fa94-04c1-424b-9868-57a2d4851a1d" />
    <TestEntry testId="8f80b696-bcaa-8b74-b775-359268e76c02" executionId="14bb0d66-a06f-44a3-b132-412f6aa69bbc" testListId="8c84fa94-04c1-424b-9868-57a2d4851a1d" />
    <TestEntry testId="0a2769f9-6043-c404-028f-84d7ce2b15c9" executionId="50172aac-b1a6-4dce-a081-71a6dd13ea6d" testListId="8c84fa94-04c1-424b-9868-57a2d4851a1d" />
  </TestEntries>
  <Results>
    <UnitTestResult executionId="aba661e7-3858-468e-9df5-77826b6190ed" testId="2ab7a61c-ea85-0381-06b8-9dda85520051" testName="BancaSaveTest" computerName="ADI" duration="00:00:00.7998488" startTime="2012-06-03T17:09:54.1250000+03:00" endTime="2012-06-03T17:09:57.0000000+03:00" testType="13cdc9d9-ddb5-4fa4-a97d-d965ccfc6d4b" outcome="Passed" testListId="8c84fa94-04c1-424b-9868-57a2d4851a1d" relativeResultsDirectory="aba661e7-3858-468e-9df5-77826b6190ed">
    </UnitTestResult>
    <UnitTestResult executionId="14bb0d66-a06f-44a3-b132-412f6aa69bbc" testId="8f80b696-bcaa-8b74-b775-359268e76c02" testName="BancaGetByIdTest" computerName="ADI" duration="00:00:00.0640397" startTime="2012-06-03T17:09:57.0000000+03:00" endTime="2012-06-03T17:09:57.0781250+03:00" testType="13cdc9d9-ddb5-4fa4-a97d-d965ccfc6d4b" outcome="Passed" testListId="8c84fa94-04c1-424b-9868-57a2d4851a1d" relativeResultsDirectory="14bb0d66-a06f-44a3-b132-412f6aa69bbc">
    </UnitTestResult>
    <UnitTestResult executionId="50172aac-b1a6-4dce-a081-71a6dd13ea6d" testId="0a2769f9-6043-c404-028f-84d7ce2b15c9" testName="BancaGetAllTest" computerName="ADI" duration="00:00:00.0093176" startTime="2012-06-03T17:09:57.0781250+03:00" endTime="2012-06-03T17:09:57.0937500+03:00" testType="13cdc9d9-ddb5-4fa4-a97d-d965ccfc6d4b" outcome="Passed" testListId="8c84fa94-04c1-424b-9868-57a2d4851a1d" relativeResultsDirectory="50172aac-b1a6-4dce-a081-71a6dd13ea6d">
    </UnitTestResult>
  </Results>
</TestRun>